// Jest Snapshot v1, https://goo.gl/fbAQLP

exports[`render toJSON returns expected JSON output based on renderer component 1`] = `
"<>
  <RCTView>
    <RCTText accessible=true allowFontScaling=true ellipsizeMode="tail" isHighlighted=false selectionColor=null>
      <RCTRawText text="Hello" />
    </RCTText>
    <RCTView>
      <RCTText accessible=true allowFontScaling=true ellipsizeMode="tail" isHighlighted=false selectionColor=null>
        <RCTRawText text="World" />
      </RCTText>
    </RCTView>
  </RCTView>
</>"
`;

exports[`rtr returns expected JSON output based on renderer component 1`] = `
<RCTView
  testID="top"
>
  <RCTText
    accessible={true}
    allowFontScaling={true}
    ellipsizeMode="tail"
    isHighlighted={false}
    selectionColor={null}
  >
    Hello
  </RCTText>
  <RCTView
    testID="world-container"
  >
    <RCTText
      accessible={true}
      allowFontScaling={true}
      ellipsizeMode="tail"
      isHighlighted={false}
      selectionColor={null}
    >
      World
    </RCTText>
  </RCTView>
</RCTView>
`;
